3059 3060
2434 2434
468 478
2360 2361
2219 2219
2901 2902
2740 2740
1477 1477
840 856
253 280
1962 1963
2113 2113
1994 1995
1264 1264
1977 1977
1341 1341
3407 3407
1159 1168
749 831
1237 1238
