359 399
2303 2303
2002 2003
1108 1110
1263 1264
746 753
3450 3450
2233 2233
3378 3379
2259 2259
2951 2951
2886 2887
559 600
1019 1020
2725 2726
1176 1177
1805 1806
778 807
