2011 2012
2508 2509
1468 1469
3186 3186
1341 1342
2472 2473
362 383
3293 3293
2452 2452
2404 2404
258 395
1169 1170
307 378
2576 2576
2390 2391
1148 1149
2477 2478
1034 1034
